----------------------------------------
Exception occurred during processing of request from ('127.0.0.1', 44350)
Traceback (most recent call last):
  File "/usr/lib64/python3.9/socketserver.py", line 683, in process_request_thread
    self.finish_request(request, client_address)
  File "/usr/lib64/python3.9/socketserver.py", line 360, in finish_request
    self.RequestHandlerClass(request, client_address, self)
  File "/usr/lib64/python3.9/socketserver.py", line 747, in __init__
    self.handle()
  File "/usr/lib64/python3.9/http/server.py", line 433, in handle
    self.handle_one_request()
  File "/usr/lib64/python3.9/http/server.py", line 421, in handle_one_request
    method()
  File "/home/ec2-user/traders-view/traders-view.py", line 2514, in do_GET
    self.wfile.write(payload)
  File "/usr/lib64/python3.9/socketserver.py", line 826, in write
    self._sock.sendall(b)
BrokenPipeError: [Errno 32] Broken pipe
----------------------------------------
----------------------------------------
Exception occurred during processing of request from ('127.0.0.1', 57286)
Traceback (most recent call last):
  File "/usr/lib64/python3.9/socketserver.py", line 683, in process_request_thread
    self.finish_request(request, client_address)
  File "/usr/lib64/python3.9/socketserver.py", line 360, in finish_request
    self.RequestHandlerClass(request, client_address, self)
  File "/usr/lib64/python3.9/socketserver.py", line 747, in __init__
    self.handle()
  File "/usr/lib64/python3.9/http/server.py", line 433, in handle
    self.handle_one_request()
  File "/usr/lib64/python3.9/http/server.py", line 421, in handle_one_request
    method()
  File "/home/ec2-user/traders-view/traders-view.py", line 2462, in do_GET
    self.wfile.write(body)
  File "/usr/lib64/python3.9/socketserver.py", line 826, in write
    self._sock.sendall(b)
BrokenPipeError: [Errno 32] Broken pipe
----------------------------------------
----------------------------------------
Exception occurred during processing of request from ('127.0.0.1', 57294)
Traceback (most recent call last):
  File "/usr/lib64/python3.9/socketserver.py", line 683, in process_request_thread
    self.finish_request(request, client_address)
  File "/usr/lib64/python3.9/socketserver.py", line 360, in finish_request
    self.RequestHandlerClass(request, client_address, self)
  File "/usr/lib64/python3.9/socketserver.py", line 747, in __init__
    self.handle()
  File "/usr/lib64/python3.9/http/server.py", line 433, in handle
    self.handle_one_request()
  File "/usr/lib64/python3.9/http/server.py", line 421, in handle_one_request
    method()
  File "/home/ec2-user/traders-view/traders-view.py", line 2462, in do_GET
    self.wfile.write(body)
  File "/usr/lib64/python3.9/socketserver.py", line 826, in write
    self._sock.sendall(b)
BrokenPipeError: [Errno 32] Broken pipe
----------------------------------------
----------------------------------------
Exception occurred during processing of request from ('127.0.0.1', 57306)
Traceback (most recent call last):
  File "/usr/lib64/python3.9/socketserver.py", line 683, in process_request_thread
    self.finish_request(request, client_address)
  File "/usr/lib64/python3.9/socketserver.py", line 360, in finish_request
    self.RequestHandlerClass(request, client_address, self)
  File "/usr/lib64/python3.9/socketserver.py", line 747, in __init__
    self.handle()
  File "/usr/lib64/python3.9/http/server.py", line 433, in handle
    self.handle_one_request()
  File "/usr/lib64/python3.9/http/server.py", line 421, in handle_one_request
    method()
  File "/home/ec2-user/traders-view/traders-view.py", line 2462, in do_GET
    self.wfile.write(body)
  File "/usr/lib64/python3.9/socketserver.py", line 826, in write
    self._sock.sendall(b)
BrokenPipeError: [Errno 32] Broken pipe
----------------------------------------
----------------------------------------
Exception occurred during processing of request from ('127.0.0.1', 57290)
Traceback (most recent call last):
  File "/usr/lib64/python3.9/socketserver.py", line 683, in process_request_thread
    self.finish_request(request, client_address)
  File "/usr/lib64/python3.9/socketserver.py", line 360, in finish_request
    self.RequestHandlerClass(request, client_address, self)
  File "/usr/lib64/python3.9/socketserver.py", line 747, in __init__
    self.handle()
  File "/usr/lib64/python3.9/http/server.py", line 433, in handle
    self.handle_one_request()
  File "/usr/lib64/python3.9/http/server.py", line 421, in handle_one_request
    method()
  File "/home/ec2-user/traders-view/traders-view.py", line 2462, in do_GET
    self.wfile.write(body)
  File "/usr/lib64/python3.9/socketserver.py", line 826, in write
    self._sock.sendall(b)
BrokenPipeError: [Errno 32] Broken pipe
----------------------------------------
----------------------------------------
Exception occurred during processing of request from ('127.0.0.1', 57276)
Traceback (most recent call last):
  File "/usr/lib64/python3.9/socketserver.py", line 683, in process_request_thread
    self.finish_request(request, client_address)
  File "/usr/lib64/python3.9/socketserver.py", line 360, in finish_request
    self.RequestHandlerClass(request, client_address, self)
  File "/usr/lib64/python3.9/socketserver.py", line 747, in __init__
    self.handle()
  File "/usr/lib64/python3.9/http/server.py", line 433, in handle
    self.handle_one_request()
  File "/usr/lib64/python3.9/http/server.py", line 421, in handle_one_request
    method()
  File "/home/ec2-user/traders-view/traders-view.py", line 2514, in do_GET
    self.wfile.write(payload)
  File "/usr/lib64/python3.9/socketserver.py", line 826, in write
    self._sock.sendall(b)
BrokenPipeError: [Errno 32] Broken pipe
----------------------------------------
Traders View UI running at http://127.0.0.1:8787
[ERROR] Index/macro fetch failed: <urlopen error _ssl.c:1135: The handshake operation timed out>
----------------------------------------
Exception occurred during processing of request from ('127.0.0.1', 38444)
Traceback (most recent call last):
  File "/usr/lib64/python3.9/socketserver.py", line 683, in process_request_thread
    self.finish_request(request, client_address)
  File "/usr/lib64/python3.9/socketserver.py", line 360, in finish_request
    self.RequestHandlerClass(request, client_address, self)
  File "/usr/lib64/python3.9/socketserver.py", line 747, in __init__
    self.handle()
  File "/usr/lib64/python3.9/http/server.py", line 433, in handle
    self.handle_one_request()
  File "/usr/lib64/python3.9/http/server.py", line 421, in handle_one_request
    method()
  File "/home/ec2-user/traders-view/traders-view.py", line 2514, in do_GET
    self.wfile.write(payload)
  File "/usr/lib64/python3.9/socketserver.py", line 826, in write
    self._sock.sendall(b)
BrokenPipeError: [Errno 32] Broken pipe
----------------------------------------
[ERROR] Index/macro fetch failed: <urlopen error _ssl.c:1135: The handshake operation timed out>
----------------------------------------
Exception occurred during processing of request from ('127.0.0.1', 34948)
Traceback (most recent call last):
  File "/usr/lib64/python3.9/socketserver.py", line 683, in process_request_thread
    self.finish_request(request, client_address)
  File "/usr/lib64/python3.9/socketserver.py", line 360, in finish_request
    self.RequestHandlerClass(request, client_address, self)
  File "/usr/lib64/python3.9/socketserver.py", line 747, in __init__
    self.handle()
  File "/usr/lib64/python3.9/http/server.py", line 433, in handle
    self.handle_one_request()
  File "/usr/lib64/python3.9/http/server.py", line 421, in handle_one_request
    method()
  File "/home/ec2-user/traders-view/traders-view.py", line 2514, in do_GET
    self.wfile.write(payload)
  File "/usr/lib64/python3.9/socketserver.py", line 826, in write
    self._sock.sendall(b)
BrokenPipeError: [Errno 32] Broken pipe
----------------------------------------
----------------------------------------
Exception occurred during processing of request from ('127.0.0.1', 56260)
Traceback (most recent call last):
  File "/usr/lib64/python3.9/socketserver.py", line 683, in process_request_thread
    self.finish_request(request, client_address)
  File "/usr/lib64/python3.9/socketserver.py", line 360, in finish_request
    self.RequestHandlerClass(request, client_address, self)
  File "/usr/lib64/python3.9/socketserver.py", line 747, in __init__
    self.handle()
  File "/usr/lib64/python3.9/http/server.py", line 433, in handle
    self.handle_one_request()
  File "/usr/lib64/python3.9/http/server.py", line 421, in handle_one_request
    method()
  File "/home/ec2-user/traders-view/traders-view.py", line 2514, in do_GET
    self.wfile.write(payload)
  File "/usr/lib64/python3.9/socketserver.py", line 826, in write
    self._sock.sendall(b)
BrokenPipeError: [Errno 32] Broken pipe
----------------------------------------
[ERROR] Index/macro fetch failed: <urlopen error _ssl.c:1135: The handshake operation timed out>
----------------------------------------
Exception occurred during processing of request from ('127.0.0.1', 53642)
Traceback (most recent call last):
  File "/usr/lib64/python3.9/socketserver.py", line 683, in process_request_thread
    self.finish_request(request, client_address)
  File "/usr/lib64/python3.9/socketserver.py", line 360, in finish_request
    self.RequestHandlerClass(request, client_address, self)
  File "/usr/lib64/python3.9/socketserver.py", line 747, in __init__
    self.handle()
  File "/usr/lib64/python3.9/http/server.py", line 433, in handle
    self.handle_one_request()
  File "/usr/lib64/python3.9/http/server.py", line 421, in handle_one_request
    method()
  File "/home/ec2-user/traders-view/traders-view.py", line 2514, in do_GET
    self.wfile.write(payload)
  File "/usr/lib64/python3.9/socketserver.py", line 826, in write
    self._sock.sendall(b)
BrokenPipeError: [Errno 32] Broken pipe
----------------------------------------
[ERROR] Index/macro fetch failed: <urlopen error _ssl.c:1135: The handshake operation timed out>
----------------------------------------
Exception occurred during processing of request from ('127.0.0.1', 49824)
Traceback (most recent call last):
  File "/usr/lib64/python3.9/socketserver.py", line 683, in process_request_thread
    self.finish_request(request, client_address)
  File "/usr/lib64/python3.9/socketserver.py", line 360, in finish_request
    self.RequestHandlerClass(request, client_address, self)
  File "/usr/lib64/python3.9/socketserver.py", line 747, in __init__
    self.handle()
  File "/usr/lib64/python3.9/http/server.py", line 433, in handle
    self.handle_one_request()
  File "/usr/lib64/python3.9/http/server.py", line 421, in handle_one_request
    method()
  File "/home/ec2-user/traders-view/traders-view.py", line 2514, in do_GET
    self.wfile.write(payload)
  File "/usr/lib64/python3.9/socketserver.py", line 826, in write
    self._sock.sendall(b)
BrokenPipeError: [Errno 32] Broken pipe
----------------------------------------
----------------------------------------
Exception occurred during processing of request from ('127.0.0.1', 36646)
Traceback (most recent call last):
  File "/usr/lib64/python3.9/socketserver.py", line 683, in process_request_thread
    self.finish_request(request, client_address)
  File "/usr/lib64/python3.9/socketserver.py", line 360, in finish_request
    self.RequestHandlerClass(request, client_address, self)
  File "/usr/lib64/python3.9/socketserver.py", line 747, in __init__
    self.handle()
  File "/usr/lib64/python3.9/http/server.py", line 433, in handle
    self.handle_one_request()
  File "/usr/lib64/python3.9/http/server.py", line 421, in handle_one_request
    method()
  File "/home/ec2-user/traders-view/traders-view.py", line 2462, in do_GET
    self.wfile.write(body)
  File "/usr/lib64/python3.9/socketserver.py", line 826, in write
    self._sock.sendall(b)
BrokenPipeError: [Errno 32] Broken pipe
----------------------------------------
----------------------------------------
Exception occurred during processing of request from ('127.0.0.1', 36620)
Traceback (most recent call last):
  File "/usr/lib64/python3.9/socketserver.py", line 683, in process_request_thread
    self.finish_request(request, client_address)
  File "/usr/lib64/python3.9/socketserver.py", line 360, in finish_request
    self.RequestHandlerClass(request, client_address, self)
  File "/usr/lib64/python3.9/socketserver.py", line 747, in __init__
    self.handle()
  File "/usr/lib64/python3.9/http/server.py", line 433, in handle
    self.handle_one_request()
  File "/usr/lib64/python3.9/http/server.py", line 421, in handle_one_request
    method()
  File "/home/ec2-user/traders-view/traders-view.py", line 2514, in do_GET
    self.wfile.write(payload)
  File "/usr/lib64/python3.9/socketserver.py", line 826, in write
    self._sock.sendall(b)
BrokenPipeError: [Errno 32] Broken pipe
----------------------------------------
[ERROR] Index/macro fetch failed: <urlopen error _ssl.c:1135: The handshake operation timed out>
[ERROR] Index/macro fetch failed: <urlopen error _ssl.c:1135: The handshake operation timed out>
[ERROR] Index/macro fetch failed: <urlopen error _ssl.c:1135: The handshake operation timed out>
----------------------------------------
Exception occurred during processing of request from ('127.0.0.1', 50846)
Traceback (most recent call last):
  File "/usr/lib64/python3.9/socketserver.py", line 683, in process_request_thread
    self.finish_request(request, client_address)
  File "/usr/lib64/python3.9/socketserver.py", line 360, in finish_request
    self.RequestHandlerClass(request, client_address, self)
  File "/usr/lib64/python3.9/socketserver.py", line 747, in __init__
    self.handle()
  File "/usr/lib64/python3.9/http/server.py", line 433, in handle
    self.handle_one_request()
  File "/usr/lib64/python3.9/http/server.py", line 421, in handle_one_request
    method()
  File "/home/ec2-user/traders-view/traders-view.py", line 2462, in do_GET
    self.wfile.write(body)
  File "/usr/lib64/python3.9/socketserver.py", line 826, in write
    self._sock.sendall(b)
BrokenPipeError: [Errno 32] Broken pipe
----------------------------------------
----------------------------------------
Exception occurred during processing of request from ('127.0.0.1', 50832)
Traceback (most recent call last):
  File "/usr/lib64/python3.9/socketserver.py", line 683, in process_request_thread
    self.finish_request(request, client_address)
  File "/usr/lib64/python3.9/socketserver.py", line 360, in finish_request
    self.RequestHandlerClass(request, client_address, self)
  File "/usr/lib64/python3.9/socketserver.py", line 747, in __init__
    self.handle()
  File "/usr/lib64/python3.9/http/server.py", line 433, in handle
    self.handle_one_request()
  File "/usr/lib64/python3.9/http/server.py", line 421, in handle_one_request
    method()
  File "/home/ec2-user/traders-view/traders-view.py", line 2462, in do_GET
    self.wfile.write(body)
  File "/usr/lib64/python3.9/socketserver.py", line 826, in write
    self._sock.sendall(b)
BrokenPipeError: [Errno 32] Broken pipe
----------------------------------------
----------------------------------------
Exception occurred during processing of request from ('127.0.0.1', 50830)
Traceback (most recent call last):
  File "/usr/lib64/python3.9/socketserver.py", line 683, in process_request_thread
    self.finish_request(request, client_address)
  File "/usr/lib64/python3.9/socketserver.py", line 360, in finish_request
    self.RequestHandlerClass(request, client_address, self)
  File "/usr/lib64/python3.9/socketserver.py", line 747, in __init__
    self.handle()
  File "/usr/lib64/python3.9/http/server.py", line 433, in handle
    self.handle_one_request()
  File "/usr/lib64/python3.9/http/server.py", line 421, in handle_one_request
    method()
  File "/home/ec2-user/traders-view/traders-view.py", line 2462, in do_GET
    self.wfile.write(body)
  File "/usr/lib64/python3.9/socketserver.py", line 826, in write
    self._sock.sendall(b)
BrokenPipeError: [Errno 32] Broken pipe
----------------------------------------
----------------------------------------
Exception occurred during processing of request from ('127.0.0.1', 50820)
Traceback (most recent call last):
  File "/usr/lib64/python3.9/socketserver.py", line 683, in process_request_thread
    self.finish_request(request, client_address)
  File "/usr/lib64/python3.9/socketserver.py", line 360, in finish_request
    self.RequestHandlerClass(request, client_address, self)
  File "/usr/lib64/python3.9/socketserver.py", line 747, in __init__
    self.handle()
  File "/usr/lib64/python3.9/http/server.py", line 433, in handle
    self.handle_one_request()
  File "/usr/lib64/python3.9/http/server.py", line 421, in handle_one_request
    method()
  File "/home/ec2-user/traders-view/traders-view.py", line 2514, in do_GET
    self.wfile.write(payload)
  File "/usr/lib64/python3.9/socketserver.py", line 826, in write
    self._sock.sendall(b)
BrokenPipeError: [Errno 32] Broken pipe
----------------------------------------
----------------------------------------
Exception occurred during processing of request from ('127.0.0.1', 49434)
----------------------------------------
Exception occurred during processing of request from ('127.0.0.1', 49442)
Traceback (most recent call last):
  File "/usr/lib64/python3.9/socketserver.py", line 683, in process_request_thread
    self.finish_request(request, client_address)
  File "/usr/lib64/python3.9/socketserver.py", line 360, in finish_request
    self.RequestHandlerClass(request, client_address, self)
  File "/usr/lib64/python3.9/socketserver.py", line 747, in __init__
    self.handle()
  File "/usr/lib64/python3.9/http/server.py", line 433, in handle
    self.handle_one_request()
  File "/usr/lib64/python3.9/http/server.py", line 421, in handle_one_request
    method()
  File "/home/ec2-user/traders-view/traders-view.py", line 2462, in do_GET
    self.wfile.write(body)
  File "/usr/lib64/python3.9/socketserver.py", line 826, in write
    self._sock.sendall(b)
BrokenPipeError: [Errno 32] Broken pipe
----------------------------------------
Traceback (most recent call last):
  File "/usr/lib64/python3.9/socketserver.py", line 683, in process_request_thread
    self.finish_request(request, client_address)
  File "/usr/lib64/python3.9/socketserver.py", line 360, in finish_request
    self.RequestHandlerClass(request, client_address, self)
  File "/usr/lib64/python3.9/socketserver.py", line 747, in __init__
    self.handle()
  File "/usr/lib64/python3.9/http/server.py", line 433, in handle
    self.handle_one_request()
  File "/usr/lib64/python3.9/http/server.py", line 421, in handle_one_request
    method()
  File "/home/ec2-user/traders-view/traders-view.py", line 2462, in do_GET
    self.wfile.write(body)
  File "/usr/lib64/python3.9/socketserver.py", line 826, in write
    self._sock.sendall(b)
BrokenPipeError: [Errno 32] Broken pipe
----------------------------------------
----------------------------------------
Exception occurred during processing of request from ('127.0.0.1', 49436)
Traceback (most recent call last):
  File "/usr/lib64/python3.9/socketserver.py", line 683, in process_request_thread
    self.finish_request(request, client_address)
  File "/usr/lib64/python3.9/socketserver.py", line 360, in finish_request
    self.RequestHandlerClass(request, client_address, self)
  File "/usr/lib64/python3.9/socketserver.py", line 747, in __init__
    self.handle()
  File "/usr/lib64/python3.9/http/server.py", line 433, in handle
    self.handle_one_request()
  File "/usr/lib64/python3.9/http/server.py", line 421, in handle_one_request
    method()
  File "/home/ec2-user/traders-view/traders-view.py", line 2462, in do_GET
    self.wfile.write(body)
  File "/usr/lib64/python3.9/socketserver.py", line 826, in write
    self._sock.sendall(b)
BrokenPipeError: [Errno 32] Broken pipe
----------------------------------------
----------------------------------------
Exception occurred during processing of request from ('127.0.0.1', 49410)
Traceback (most recent call last):
  File "/usr/lib64/python3.9/socketserver.py", line 683, in process_request_thread
    self.finish_request(request, client_address)
  File "/usr/lib64/python3.9/socketserver.py", line 360, in finish_request
    self.RequestHandlerClass(request, client_address, self)
  File "/usr/lib64/python3.9/socketserver.py", line 747, in __init__
    self.handle()
  File "/usr/lib64/python3.9/http/server.py", line 433, in handle
    self.handle_one_request()
  File "/usr/lib64/python3.9/http/server.py", line 421, in handle_one_request
    method()
  File "/home/ec2-user/traders-view/traders-view.py", line 2462, in do_GET
    self.wfile.write(body)
  File "/usr/lib64/python3.9/socketserver.py", line 826, in write
    self._sock.sendall(b)
BrokenPipeError: [Errno 32] Broken pipe
----------------------------------------
----------------------------------------
Exception occurred during processing of request from ('127.0.0.1', 49412)
Traceback (most recent call last):
  File "/usr/lib64/python3.9/socketserver.py", line 683, in process_request_thread
    self.finish_request(request, client_address)
  File "/usr/lib64/python3.9/socketserver.py", line 360, in finish_request
    self.RequestHandlerClass(request, client_address, self)
  File "/usr/lib64/python3.9/socketserver.py", line 747, in __init__
    self.handle()
  File "/usr/lib64/python3.9/http/server.py", line 433, in handle
    self.handle_one_request()
  File "/usr/lib64/python3.9/http/server.py", line 421, in handle_one_request
    method()
  File "/home/ec2-user/traders-view/traders-view.py", line 2514, in do_GET
    self.wfile.write(payload)
  File "/usr/lib64/python3.9/socketserver.py", line 826, in write
    self._sock.sendall(b)
BrokenPipeError: [Errno 32] Broken pipe
----------------------------------------
----------------------------------------
Exception occurred during processing of request from ('127.0.0.1', 45146)
Traceback (most recent call last):
  File "/usr/lib64/python3.9/socketserver.py", line 683, in process_request_thread
    self.finish_request(request, client_address)
  File "/usr/lib64/python3.9/socketserver.py", line 360, in finish_request
    self.RequestHandlerClass(request, client_address, self)
  File "/usr/lib64/python3.9/socketserver.py", line 747, in __init__
    self.handle()
  File "/usr/lib64/python3.9/http/server.py", line 433, in handle
    self.handle_one_request()
  File "/usr/lib64/python3.9/http/server.py", line 421, in handle_one_request
    method()
  File "/home/ec2-user/traders-view/traders-view.py", line 2462, in do_GET
    self.wfile.write(body)
  File "/usr/lib64/python3.9/socketserver.py", line 826, in write
    self._sock.sendall(b)
BrokenPipeError: [Errno 32] Broken pipe
----------------------------------------
----------------------------------------
Exception occurred during processing of request from ('127.0.0.1', 45166)
Traceback (most recent call last):
  File "/usr/lib64/python3.9/socketserver.py", line 683, in process_request_thread
    self.finish_request(request, client_address)
  File "/usr/lib64/python3.9/socketserver.py", line 360, in finish_request
    self.RequestHandlerClass(request, client_address, self)
  File "/usr/lib64/python3.9/socketserver.py", line 747, in __init__
    self.handle()
  File "/usr/lib64/python3.9/http/server.py", line 433, in handle
    self.handle_one_request()
  File "/usr/lib64/python3.9/http/server.py", line 421, in handle_one_request
    method()
  File "/home/ec2-user/traders-view/traders-view.py", line 2514, in do_GET
    self.wfile.write(payload)
  File "/usr/lib64/python3.9/socketserver.py", line 826, in write
    self._sock.sendall(b)
BrokenPipeError: [Errno 32] Broken pipe
----------------------------------------
----------------------------------------
Exception occurred during processing of request from ('127.0.0.1', 50998)
Traceback (most recent call last):
  File "/usr/lib64/python3.9/socketserver.py", line 683, in process_request_thread
    self.finish_request(request, client_address)
  File "/usr/lib64/python3.9/socketserver.py", line 360, in finish_request
    self.RequestHandlerClass(request, client_address, self)
  File "/usr/lib64/python3.9/socketserver.py", line 747, in __init__
    self.handle()
  File "/usr/lib64/python3.9/http/server.py", line 433, in handle
    self.handle_one_request()
  File "/usr/lib64/python3.9/http/server.py", line 421, in handle_one_request
    method()
  File "/home/ec2-user/traders-view/traders-view.py", line 2514, in do_GET
    self.wfile.write(payload)
  File "/usr/lib64/python3.9/socketserver.py", line 826, in write
    self._sock.sendall(b)
BrokenPipeError: [Errno 32] Broken pipe
----------------------------------------
----------------------------------------
Exception occurred during processing of request from ('127.0.0.1', 48426)
Traceback (most recent call last):
  File "/usr/lib64/python3.9/socketserver.py", line 683, in process_request_thread
    self.finish_request(request, client_address)
  File "/usr/lib64/python3.9/socketserver.py", line 360, in finish_request
    self.RequestHandlerClass(request, client_address, self)
  File "/usr/lib64/python3.9/socketserver.py", line 747, in __init__
    self.handle()
  File "/usr/lib64/python3.9/http/server.py", line 433, in handle
    self.handle_one_request()
  File "/usr/lib64/python3.9/http/server.py", line 421, in handle_one_request
    method()
  File "/home/ec2-user/traders-view/traders-view.py", line 2462, in do_GET
    self.wfile.write(body)
  File "/usr/lib64/python3.9/socketserver.py", line 826, in write
    self._sock.sendall(b)
BrokenPipeError: [Errno 32] Broken pipe
----------------------------------------
----------------------------------------
Exception occurred during processing of request from ('127.0.0.1', 48432)
Traceback (most recent call last):
  File "/usr/lib64/python3.9/socketserver.py", line 683, in process_request_thread
    self.finish_request(request, client_address)
  File "/usr/lib64/python3.9/socketserver.py", line 360, in finish_request
    self.RequestHandlerClass(request, client_address, self)
  File "/usr/lib64/python3.9/socketserver.py", line 747, in __init__
    self.handle()
  File "/usr/lib64/python3.9/http/server.py", line 433, in handle
    self.handle_one_request()
  File "/usr/lib64/python3.9/http/server.py", line 421, in handle_one_request
    method()
  File "/home/ec2-user/traders-view/traders-view.py", line 2462, in do_GET
    self.wfile.write(body)
  File "/usr/lib64/python3.9/socketserver.py", line 826, in write
    self._sock.sendall(b)
BrokenPipeError: [Errno 32] Broken pipe
----------------------------------------
----------------------------------------
Exception occurred during processing of request from ('127.0.0.1', 48428)
Traceback (most recent call last):
  File "/usr/lib64/python3.9/socketserver.py", line 683, in process_request_thread
    self.finish_request(request, client_address)
  File "/usr/lib64/python3.9/socketserver.py", line 360, in finish_request
    self.RequestHandlerClass(request, client_address, self)
  File "/usr/lib64/python3.9/socketserver.py", line 747, in __init__
    self.handle()
  File "/usr/lib64/python3.9/http/server.py", line 433, in handle
    self.handle_one_request()
  File "/usr/lib64/python3.9/http/server.py", line 421, in handle_one_request
    method()
  File "/home/ec2-user/traders-view/traders-view.py", line 2462, in do_GET
    self.wfile.write(body)
  File "/usr/lib64/python3.9/socketserver.py", line 826, in write
    self._sock.sendall(b)
BrokenPipeError: [Errno 32] Broken pipe
----------------------------------------
----------------------------------------
Exception occurred during processing of request from ('127.0.0.1', 48408)
Traceback (most recent call last):
  File "/usr/lib64/python3.9/socketserver.py", line 683, in process_request_thread
    self.finish_request(request, client_address)
  File "/usr/lib64/python3.9/socketserver.py", line 360, in finish_request
    self.RequestHandlerClass(request, client_address, self)
  File "/usr/lib64/python3.9/socketserver.py", line 747, in __init__
    self.handle()
  File "/usr/lib64/python3.9/http/server.py", line 433, in handle
    self.handle_one_request()
  File "/usr/lib64/python3.9/http/server.py", line 421, in handle_one_request
    method()
  File "/home/ec2-user/traders-view/traders-view.py", line 2514, in do_GET
    self.wfile.write(payload)
  File "/usr/lib64/python3.9/socketserver.py", line 826, in write
    self._sock.sendall(b)
BrokenPipeError: [Errno 32] Broken pipe
----------------------------------------
----------------------------------------
Exception occurred during processing of request from ('127.0.0.1', 48416)
Traceback (most recent call last):
  File "/usr/lib64/python3.9/socketserver.py", line 683, in process_request_thread
    self.finish_request(request, client_address)
  File "/usr/lib64/python3.9/socketserver.py", line 360, in finish_request
    self.RequestHandlerClass(request, client_address, self)
  File "/usr/lib64/python3.9/socketserver.py", line 747, in __init__
    self.handle()
  File "/usr/lib64/python3.9/http/server.py", line 433, in handle
    self.handle_one_request()
  File "/usr/lib64/python3.9/http/server.py", line 421, in handle_one_request
    method()
  File "/home/ec2-user/traders-view/traders-view.py", line 2462, in do_GET
    self.wfile.write(body)
  File "/usr/lib64/python3.9/socketserver.py", line 826, in write
    self._sock.sendall(b)
BrokenPipeError: [Errno 32] Broken pipe
----------------------------------------
