Traceback (most recent call last):
  File "/home/ec2-user/traders-view/traders-view.py", line 2574, in <module>
    main()
  File "/home/ec2-user/traders-view/traders-view.py", line 2563, in main
    server = ThreadingHTTPServer((HOST, PORT), DashboardHandler)
  File "/usr/lib64/python3.9/socketserver.py", line 452, in __init__
    self.server_bind()
  File "/usr/lib64/python3.9/http/server.py", line 137, in server_bind
    socketserver.TCPServer.server_bind(self)
  File "/usr/lib64/python3.9/socketserver.py", line 466, in server_bind
    self.socket.bind(self.server_address)
OSError: [Errno 98] Address already in use
----------------------------------------
Exception occurred during processing of request from ('127.0.0.1', 60660)
Traceback (most recent call last):
  File "/usr/lib64/python3.9/socketserver.py", line 683, in process_request_thread
    self.finish_request(request, client_address)
  File "/usr/lib64/python3.9/socketserver.py", line 360, in finish_request
    self.RequestHandlerClass(request, client_address, self)
  File "/usr/lib64/python3.9/socketserver.py", line 747, in __init__
    self.handle()
  File "/usr/lib64/python3.9/http/server.py", line 433, in handle
    self.handle_one_request()
  File "/usr/lib64/python3.9/http/server.py", line 421, in handle_one_request
    method()
  File "/home/ec2-user/traders-view/topic_services/base_topic_service.py", line 320, in do_GET
    return self._send_json(build_section_payload(force_refresh=refresh_flag))
  File "/home/ec2-user/traders-view/topic_services/base_topic_service.py", line 306, in _send_json
    self.wfile.write(body)
  File "/usr/lib64/python3.9/socketserver.py", line 826, in write
    self._sock.sendall(b)
BrokenPipeError: [Errno 32] Broken pipe
----------------------------------------
----------------------------------------
Exception occurred during processing of request from ('127.0.0.1', 59902)
Traceback (most recent call last):
  File "/usr/lib64/python3.9/socketserver.py", line 683, in process_request_thread
    self.finish_request(request, client_address)
  File "/usr/lib64/python3.9/socketserver.py", line 360, in finish_request
    self.RequestHandlerClass(request, client_address, self)
  File "/usr/lib64/python3.9/socketserver.py", line 747, in __init__
    self.handle()
  File "/usr/lib64/python3.9/http/server.py", line 433, in handle
    self.handle_one_request()
  File "/usr/lib64/python3.9/http/server.py", line 421, in handle_one_request
    method()
  File "/home/ec2-user/traders-view/topic_services/base_topic_service.py", line 320, in do_GET
    return self._send_json(build_section_payload(force_refresh=refresh_flag))
  File "/home/ec2-user/traders-view/topic_services/base_topic_service.py", line 306, in _send_json
    self.wfile.write(body)
  File "/usr/lib64/python3.9/socketserver.py", line 826, in write
    self._sock.sendall(b)
BrokenPipeError: [Errno 32] Broken pipe
----------------------------------------
----------------------------------------
Exception occurred during processing of request from ('127.0.0.1', 32832)
Traceback (most recent call last):
  File "/usr/lib64/python3.9/socketserver.py", line 683, in process_request_thread
    self.finish_request(request, client_address)
  File "/usr/lib64/python3.9/socketserver.py", line 360, in finish_request
    self.RequestHandlerClass(request, client_address, self)
  File "/usr/lib64/python3.9/socketserver.py", line 747, in __init__
    self.handle()
  File "/usr/lib64/python3.9/http/server.py", line 433, in handle
    self.handle_one_request()
  File "/usr/lib64/python3.9/http/server.py", line 421, in handle_one_request
    method()
  File "/home/ec2-user/traders-view/topic_services/base_topic_service.py", line 320, in do_GET
    return self._send_json(build_section_payload(force_refresh=refresh_flag))
  File "/home/ec2-user/traders-view/topic_services/base_topic_service.py", line 306, in _send_json
    self.wfile.write(body)
  File "/usr/lib64/python3.9/socketserver.py", line 826, in write
    self._sock.sendall(b)
BrokenPipeError: [Errno 32] Broken pipe
----------------------------------------
----------------------------------------
Exception occurred during processing of request from ('127.0.0.1', 48652)
Traceback (most recent call last):
  File "/usr/lib64/python3.9/socketserver.py", line 683, in process_request_thread
    self.finish_request(request, client_address)
  File "/usr/lib64/python3.9/socketserver.py", line 360, in finish_request
    self.RequestHandlerClass(request, client_address, self)
  File "/usr/lib64/python3.9/socketserver.py", line 747, in __init__
    self.handle()
  File "/usr/lib64/python3.9/http/server.py", line 433, in handle
    self.handle_one_request()
  File "/usr/lib64/python3.9/http/server.py", line 421, in handle_one_request
    method()
  File "/home/ec2-user/traders-view/topic_services/base_topic_service.py", line 320, in do_GET
    return self._send_json(build_section_payload(force_refresh=refresh_flag))
  File "/home/ec2-user/traders-view/topic_services/base_topic_service.py", line 306, in _send_json
    self.wfile.write(body)
  File "/usr/lib64/python3.9/socketserver.py", line 826, in write
    self._sock.sendall(b)
BrokenPipeError: [Errno 32] Broken pipe
----------------------------------------
----------------------------------------
Exception occurred during processing of request from ('127.0.0.1', 45392)
Traceback (most recent call last):
  File "/usr/lib64/python3.9/socketserver.py", line 683, in process_request_thread
    self.finish_request(request, client_address)
  File "/usr/lib64/python3.9/socketserver.py", line 360, in finish_request
    self.RequestHandlerClass(request, client_address, self)
  File "/usr/lib64/python3.9/socketserver.py", line 747, in __init__
    self.handle()
  File "/usr/lib64/python3.9/http/server.py", line 433, in handle
    self.handle_one_request()
  File "/usr/lib64/python3.9/http/server.py", line 421, in handle_one_request
    method()
  File "/home/ec2-user/traders-view/topic_services/base_topic_service.py", line 320, in do_GET
    return self._send_json(build_section_payload(force_refresh=refresh_flag))
  File "/home/ec2-user/traders-view/topic_services/base_topic_service.py", line 306, in _send_json
    self.wfile.write(body)
  File "/usr/lib64/python3.9/socketserver.py", line 826, in write
    self._sock.sendall(b)
BrokenPipeError: [Errno 32] Broken pipe
----------------------------------------
----------------------------------------
Exception occurred during processing of request from ('127.0.0.1', 35258)
Traceback (most recent call last):
  File "/usr/lib64/python3.9/socketserver.py", line 683, in process_request_thread
    self.finish_request(request, client_address)
  File "/usr/lib64/python3.9/socketserver.py", line 360, in finish_request
    self.RequestHandlerClass(request, client_address, self)
  File "/usr/lib64/python3.9/socketserver.py", line 747, in __init__
    self.handle()
  File "/usr/lib64/python3.9/http/server.py", line 433, in handle
    self.handle_one_request()
  File "/usr/lib64/python3.9/http/server.py", line 421, in handle_one_request
    method()
  File "/home/ec2-user/traders-view/topic_services/base_topic_service.py", line 320, in do_GET
    return self._send_json(build_section_payload(force_refresh=refresh_flag))
  File "/home/ec2-user/traders-view/topic_services/base_topic_service.py", line 306, in _send_json
    self.wfile.write(body)
  File "/usr/lib64/python3.9/socketserver.py", line 826, in write
    self._sock.sendall(b)
BrokenPipeError: [Errno 32] Broken pipe
----------------------------------------
----------------------------------------
Exception occurred during processing of request from ('127.0.0.1', 43430)
Traceback (most recent call last):
  File "/usr/lib64/python3.9/socketserver.py", line 683, in process_request_thread
    self.finish_request(request, client_address)
  File "/usr/lib64/python3.9/socketserver.py", line 360, in finish_request
    self.RequestHandlerClass(request, client_address, self)
  File "/usr/lib64/python3.9/socketserver.py", line 747, in __init__
    self.handle()
  File "/usr/lib64/python3.9/http/server.py", line 433, in handle
    self.handle_one_request()
  File "/usr/lib64/python3.9/http/server.py", line 421, in handle_one_request
    method()
  File "/home/ec2-user/traders-view/topic_services/base_topic_service.py", line 320, in do_GET
    return self._send_json(build_section_payload(force_refresh=refresh_flag))
  File "/home/ec2-user/traders-view/topic_services/base_topic_service.py", line 306, in _send_json
    self.wfile.write(body)
  File "/usr/lib64/python3.9/socketserver.py", line 826, in write
    self._sock.sendall(b)
BrokenPipeError: [Errno 32] Broken pipe
----------------------------------------
----------------------------------------
Exception occurred during processing of request from ('127.0.0.1', 36062)
Traceback (most recent call last):
  File "/usr/lib64/python3.9/socketserver.py", line 683, in process_request_thread
    self.finish_request(request, client_address)
  File "/usr/lib64/python3.9/socketserver.py", line 360, in finish_request
    self.RequestHandlerClass(request, client_address, self)
  File "/usr/lib64/python3.9/socketserver.py", line 747, in __init__
    self.handle()
  File "/usr/lib64/python3.9/http/server.py", line 433, in handle
    self.handle_one_request()
  File "/usr/lib64/python3.9/http/server.py", line 421, in handle_one_request
    method()
  File "/home/ec2-user/traders-view/topic_services/base_topic_service.py", line 320, in do_GET
    return self._send_json(build_section_payload(force_refresh=refresh_flag))
  File "/home/ec2-user/traders-view/topic_services/base_topic_service.py", line 306, in _send_json
    self.wfile.write(body)
  File "/usr/lib64/python3.9/socketserver.py", line 826, in write
    self._sock.sendall(b)
BrokenPipeError: [Errno 32] Broken pipe
----------------------------------------
----------------------------------------
Exception occurred during processing of request from ('127.0.0.1', 39148)
Traceback (most recent call last):
  File "/usr/lib64/python3.9/socketserver.py", line 683, in process_request_thread
    self.finish_request(request, client_address)
  File "/usr/lib64/python3.9/socketserver.py", line 360, in finish_request
    self.RequestHandlerClass(request, client_address, self)
  File "/usr/lib64/python3.9/socketserver.py", line 747, in __init__
    self.handle()
  File "/usr/lib64/python3.9/http/server.py", line 433, in handle
    self.handle_one_request()
  File "/usr/lib64/python3.9/http/server.py", line 421, in handle_one_request
    method()
  File "/home/ec2-user/traders-view/topic_services/base_topic_service.py", line 320, in do_GET
    return self._send_json(build_section_payload(force_refresh=refresh_flag))
  File "/home/ec2-user/traders-view/topic_services/base_topic_service.py", line 306, in _send_json
    self.wfile.write(body)
  File "/usr/lib64/python3.9/socketserver.py", line 826, in write
    self._sock.sendall(b)
BrokenPipeError: [Errno 32] Broken pipe
----------------------------------------
----------------------------------------
Exception occurred during processing of request from ('127.0.0.1', 36064)
Traceback (most recent call last):
  File "/usr/lib64/python3.9/socketserver.py", line 683, in process_request_thread
    self.finish_request(request, client_address)
  File "/usr/lib64/python3.9/socketserver.py", line 360, in finish_request
    self.RequestHandlerClass(request, client_address, self)
  File "/usr/lib64/python3.9/socketserver.py", line 747, in __init__
    self.handle()
  File "/usr/lib64/python3.9/http/server.py", line 433, in handle
    self.handle_one_request()
  File "/usr/lib64/python3.9/http/server.py", line 421, in handle_one_request
    method()
  File "/home/ec2-user/traders-view/topic_services/base_topic_service.py", line 320, in do_GET
    return self._send_json(build_section_payload(force_refresh=refresh_flag))
  File "/home/ec2-user/traders-view/topic_services/base_topic_service.py", line 306, in _send_json
    self.wfile.write(body)
  File "/usr/lib64/python3.9/socketserver.py", line 826, in write
    self._sock.sendall(b)
BrokenPipeError: [Errno 32] Broken pipe
----------------------------------------
----------------------------------------
Exception occurred during processing of request from ('127.0.0.1', 44988)
Traceback (most recent call last):
  File "/usr/lib64/python3.9/socketserver.py", line 683, in process_request_thread
    self.finish_request(request, client_address)
  File "/usr/lib64/python3.9/socketserver.py", line 360, in finish_request
    self.RequestHandlerClass(request, client_address, self)
  File "/usr/lib64/python3.9/socketserver.py", line 747, in __init__
    self.handle()
  File "/usr/lib64/python3.9/http/server.py", line 433, in handle
    self.handle_one_request()
  File "/usr/lib64/python3.9/http/server.py", line 421, in handle_one_request
    method()
  File "/home/ec2-user/traders-view/topic_services/base_topic_service.py", line 320, in do_GET
    return self._send_json(build_section_payload(force_refresh=refresh_flag))
  File "/home/ec2-user/traders-view/topic_services/base_topic_service.py", line 306, in _send_json
    self.wfile.write(body)
  File "/usr/lib64/python3.9/socketserver.py", line 826, in write
    self._sock.sendall(b)
BrokenPipeError: [Errno 32] Broken pipe
----------------------------------------
----------------------------------------
Exception occurred during processing of request from ('127.0.0.1', 52182)
Traceback (most recent call last):
  File "/usr/lib64/python3.9/socketserver.py", line 683, in process_request_thread
    self.finish_request(request, client_address)
  File "/usr/lib64/python3.9/socketserver.py", line 360, in finish_request
    self.RequestHandlerClass(request, client_address, self)
  File "/usr/lib64/python3.9/socketserver.py", line 747, in __init__
    self.handle()
  File "/usr/lib64/python3.9/http/server.py", line 433, in handle
    self.handle_one_request()
  File "/usr/lib64/python3.9/http/server.py", line 421, in handle_one_request
    method()
  File "/home/ec2-user/traders-view/topic_services/base_topic_service.py", line 320, in do_GET
    return self._send_json(build_section_payload(force_refresh=refresh_flag))
  File "/home/ec2-user/traders-view/topic_services/base_topic_service.py", line 306, in _send_json
    self.wfile.write(body)
  File "/usr/lib64/python3.9/socketserver.py", line 826, in write
    self._sock.sendall(b)
BrokenPipeError: [Errno 32] Broken pipe
----------------------------------------
----------------------------------------
Exception occurred during processing of request from ('127.0.0.1', 44210)
Traceback (most recent call last):
  File "/usr/lib64/python3.9/socketserver.py", line 683, in process_request_thread
    self.finish_request(request, client_address)
  File "/usr/lib64/python3.9/socketserver.py", line 360, in finish_request
    self.RequestHandlerClass(request, client_address, self)
  File "/usr/lib64/python3.9/socketserver.py", line 747, in __init__
    self.handle()
  File "/usr/lib64/python3.9/http/server.py", line 433, in handle
    self.handle_one_request()
  File "/usr/lib64/python3.9/http/server.py", line 421, in handle_one_request
    method()
  File "/home/ec2-user/traders-view/topic_services/base_topic_service.py", line 320, in do_GET
    return self._send_json(build_section_payload(force_refresh=refresh_flag))
  File "/home/ec2-user/traders-view/topic_services/base_topic_service.py", line 306, in _send_json
    self.wfile.write(body)
  File "/usr/lib64/python3.9/socketserver.py", line 826, in write
    self._sock.sendall(b)
BrokenPipeError: [Errno 32] Broken pipe
----------------------------------------
----------------------------------------
Exception occurred during processing of request from ('127.0.0.1', 52884)
Traceback (most recent call last):
  File "/usr/lib64/python3.9/socketserver.py", line 683, in process_request_thread
    self.finish_request(request, client_address)
  File "/usr/lib64/python3.9/socketserver.py", line 360, in finish_request
    self.RequestHandlerClass(request, client_address, self)
  File "/usr/lib64/python3.9/socketserver.py", line 747, in __init__
    self.handle()
  File "/usr/lib64/python3.9/http/server.py", line 433, in handle
    self.handle_one_request()
  File "/usr/lib64/python3.9/http/server.py", line 421, in handle_one_request
    method()
  File "/home/ec2-user/traders-view/topic_services/base_topic_service.py", line 320, in do_GET
    return self._send_json(build_section_payload(force_refresh=refresh_flag))
  File "/home/ec2-user/traders-view/topic_services/base_topic_service.py", line 306, in _send_json
    self.wfile.write(body)
  File "/usr/lib64/python3.9/socketserver.py", line 826, in write
    self._sock.sendall(b)
BrokenPipeError: [Errno 32] Broken pipe
----------------------------------------
----------------------------------------
Exception occurred during processing of request from ('127.0.0.1', 59372)
Traceback (most recent call last):
  File "/usr/lib64/python3.9/socketserver.py", line 683, in process_request_thread
    self.finish_request(request, client_address)
  File "/usr/lib64/python3.9/socketserver.py", line 360, in finish_request
    self.RequestHandlerClass(request, client_address, self)
  File "/usr/lib64/python3.9/socketserver.py", line 747, in __init__
    self.handle()
  File "/usr/lib64/python3.9/http/server.py", line 433, in handle
    self.handle_one_request()
  File "/usr/lib64/python3.9/http/server.py", line 421, in handle_one_request
    method()
  File "/home/ec2-user/traders-view/topic_services/base_topic_service.py", line 320, in do_GET
    return self._send_json(build_section_payload(force_refresh=refresh_flag))
  File "/home/ec2-user/traders-view/topic_services/base_topic_service.py", line 306, in _send_json
    self.wfile.write(body)
  File "/usr/lib64/python3.9/socketserver.py", line 826, in write
    self._sock.sendall(b)
BrokenPipeError: [Errno 32] Broken pipe
----------------------------------------
----------------------------------------
Exception occurred during processing of request from ('127.0.0.1', 38538)
Traceback (most recent call last):
  File "/usr/lib64/python3.9/socketserver.py", line 683, in process_request_thread
    self.finish_request(request, client_address)
  File "/usr/lib64/python3.9/socketserver.py", line 360, in finish_request
    self.RequestHandlerClass(request, client_address, self)
  File "/usr/lib64/python3.9/socketserver.py", line 747, in __init__
    self.handle()
  File "/usr/lib64/python3.9/http/server.py", line 433, in handle
    self.handle_one_request()
  File "/usr/lib64/python3.9/http/server.py", line 421, in handle_one_request
    method()
  File "/home/ec2-user/traders-view/topic_services/base_topic_service.py", line 320, in do_GET
    return self._send_json(build_section_payload(force_refresh=refresh_flag))
  File "/home/ec2-user/traders-view/topic_services/base_topic_service.py", line 306, in _send_json
    self.wfile.write(body)
  File "/usr/lib64/python3.9/socketserver.py", line 826, in write
    self._sock.sendall(b)
BrokenPipeError: [Errno 32] Broken pipe
----------------------------------------
